Performing C SOURCE FILE Test C_SUPPORTS_WERROR_UNGUARDED_AVAILABILITY_NEW failed with the following output:
Change Dir: /home/workspace/pony_compiler/src/build/CMakeFiles/CMakeTmp

Run Build Command(s):/usr/bin/make cmTC_a0e26/fast && /usr/bin/make -f CMakeFiles/cmTC_a0e26.dir/build.make CMakeFiles/cmTC_a0e26.dir/build
make[1]: Entering directory '/home/workspace/pony_compiler/src/build/CMakeFiles/CMakeTmp'
Building C object CMakeFiles/cmTC_a0e26.dir/src.c.o
/usr/bin/cc   -fPIC -fno-semantic-interposition -Werror=date-time -DC_SUPPORTS_WERROR_UNGUARDED_AVAILABILITY_NEW   -Werror -Werror=unguarded-availability-new -o CMakeFiles/cmTC_a0e26.dir/src.c.o   -c /home/workspace/pony_compiler/src/build/CMakeFiles/CMakeTmp/src.c
cc1: error: '-Werror=unguarded-availability-new': no option -Wunguarded-availability-new
make[1]: *** [CMakeFiles/cmTC_a0e26.dir/build.make:66: CMakeFiles/cmTC_a0e26.dir/src.c.o] Error 1
make[1]: Leaving directory '/home/workspace/pony_compiler/src/build/CMakeFiles/CMakeTmp'
make: *** [Makefile:121: cmTC_a0e26/fast] Error 2


Source file was:
int main(void) { return 0; }
Performing C++ SOURCE FILE Test CXX_SUPPORTS_WERROR_UNGUARDED_AVAILABILITY_NEW failed with the following output:
Change Dir: /home/workspace/pony_compiler/src/build/CMakeFiles/CMakeTmp

Run Build Command(s):/usr/bin/make cmTC_ef84d/fast && /usr/bin/make -f CMakeFiles/cmTC_ef84d.dir/build.make CMakeFiles/cmTC_ef84d.dir/build
make[1]: Entering directory '/home/workspace/pony_compiler/src/build/CMakeFiles/CMakeTmp'
Building CXX object CMakeFiles/cmTC_ef84d.dir/src.cxx.o
/usr/bin/c++    -fPIC -fno-semantic-interposition -fvisibility-inlines-hidden -Werror=date-time -DCXX_SUPPORTS_WERROR_UNGUARDED_AVAILABILITY_NEW   -Werror -Werror=unguarded-availability-new -std=gnu++14 -o CMakeFiles/cmTC_ef84d.dir/src.cxx.o -c /home/workspace/pony_compiler/src/build/CMakeFiles/CMakeTmp/src.cxx
cc1plus: error: '-Werror=unguarded-availability-new': no option -Wunguarded-availability-new
make[1]: *** [CMakeFiles/cmTC_ef84d.dir/build.make:66: CMakeFiles/cmTC_ef84d.dir/src.cxx.o] Error 1
make[1]: Leaving directory '/home/workspace/pony_compiler/src/build/CMakeFiles/CMakeTmp'
make: *** [Makefile:121: cmTC_ef84d/fast] Error 2


Source file was:
int main() { return 0; }
Performing C SOURCE FILE Test C_SUPPORTS_COVERED_SWITCH_DEFAULT_FLAG failed with the following output:
Change Dir: /home/workspace/pony_compiler/src/build/CMakeFiles/CMakeTmp

Run Build Command(s):/usr/bin/make cmTC_80832/fast && /usr/bin/make -f CMakeFiles/cmTC_80832.dir/build.make CMakeFiles/cmTC_80832.dir/build
make[1]: Entering directory '/home/workspace/pony_compiler/src/build/CMakeFiles/CMakeTmp'
Building C object CMakeFiles/cmTC_80832.dir/src.c.o
/usr/bin/cc   -fPIC -fno-semantic-interposition -Werror=date-time -Wall -Wextra -Wno-unused-parameter -Wwrite-strings -Wno-missing-field-initializers -Wimplicit-fallthrough -DC_SUPPORTS_COVERED_SWITCH_DEFAULT_FLAG   -Werror -Wcovered-switch-default -o CMakeFiles/cmTC_80832.dir/src.c.o   -c /home/workspace/pony_compiler/src/build/CMakeFiles/CMakeTmp/src.c
cc: error: unrecognized command line option '-Wcovered-switch-default'; did you mean '-Wno-switch-default'?
make[1]: *** [CMakeFiles/cmTC_80832.dir/build.make:66: CMakeFiles/cmTC_80832.dir/src.c.o] Error 1
make[1]: Leaving directory '/home/workspace/pony_compiler/src/build/CMakeFiles/CMakeTmp'
make: *** [Makefile:121: cmTC_80832/fast] Error 2


Source file was:
int main(void) { return 0; }
Performing C++ SOURCE FILE Test CXX_SUPPORTS_COVERED_SWITCH_DEFAULT_FLAG failed with the following output:
Change Dir: /home/workspace/pony_compiler/src/build/CMakeFiles/CMakeTmp

Run Build Command(s):/usr/bin/make cmTC_9c533/fast && /usr/bin/make -f CMakeFiles/cmTC_9c533.dir/build.make CMakeFiles/cmTC_9c533.dir/build
make[1]: Entering directory '/home/workspace/pony_compiler/src/build/CMakeFiles/CMakeTmp'
Building CXX object CMakeFiles/cmTC_9c533.dir/src.cxx.o
/usr/bin/c++    -fPIC -fno-semantic-interposition -fvisibility-inlines-hidden -Werror=date-time -Wall -Wextra -Wno-unused-parameter -Wwrite-strings -Wcast-qual -Wno-missing-field-initializers -Wimplicit-fallthrough -DCXX_SUPPORTS_COVERED_SWITCH_DEFAULT_FLAG   -Werror -Wcovered-switch-default -std=gnu++14 -o CMakeFiles/cmTC_9c533.dir/src.cxx.o -c /home/workspace/pony_compiler/src/build/CMakeFiles/CMakeTmp/src.cxx
c++: error: unrecognized command line option '-Wcovered-switch-default'; did you mean '-Wno-switch-default'?
make[1]: *** [CMakeFiles/cmTC_9c533.dir/build.make:66: CMakeFiles/cmTC_9c533.dir/src.cxx.o] Error 1
make[1]: Leaving directory '/home/workspace/pony_compiler/src/build/CMakeFiles/CMakeTmp'
make: *** [Makefile:121: cmTC_9c533/fast] Error 2


Source file was:
int main() { return 0; }
Performing C++ SOURCE FILE Test CXX_WONT_WARN_ON_FINAL_NONVIRTUALDTOR failed with the following output:
Change Dir: /home/workspace/pony_compiler/src/build/CMakeFiles/CMakeTmp

Run Build Command(s):/usr/bin/make cmTC_58cc4/fast && /usr/bin/make -f CMakeFiles/cmTC_58cc4.dir/build.make CMakeFiles/cmTC_58cc4.dir/build
make[1]: Entering directory '/home/workspace/pony_compiler/src/build/CMakeFiles/CMakeTmp'
Building CXX object CMakeFiles/cmTC_58cc4.dir/src.cxx.o
/usr/bin/c++    -fPIC -fno-semantic-interposition -fvisibility-inlines-hidden -Werror=date-time -Wall -Wextra -Wno-unused-parameter -Wwrite-strings -Wcast-qual -Wno-missing-field-initializers -Wimplicit-fallthrough -Wno-class-memaccess -Wno-redundant-move -Wno-pessimizing-move -Wno-noexcept-type -DCXX_WONT_WARN_ON_FINAL_NONVIRTUALDTOR  -Werror=non-virtual-dtor   -std=gnu++14 -o CMakeFiles/cmTC_58cc4.dir/src.cxx.o -c /home/workspace/pony_compiler/src/build/CMakeFiles/CMakeTmp/src.cxx
/home/workspace/pony_compiler/src/build/CMakeFiles/CMakeTmp/src.cxx:2:36: error: 'class base' has virtual functions and accessible non-virtual destructor [-Werror=non-virtual-dtor]
    2 |                              class base {friend f; public: virtual void anchor();protected: ~base();};
      |                                    ^~~~
cc1plus: some warnings being treated as errors
make[1]: *** [CMakeFiles/cmTC_58cc4.dir/build.make:66: CMakeFiles/cmTC_58cc4.dir/src.cxx.o] Error 1
make[1]: Leaving directory '/home/workspace/pony_compiler/src/build/CMakeFiles/CMakeTmp'
make: *** [Makefile:121: cmTC_58cc4/fast] Error 2


Source file was:
class f {};
                             class base {friend f; public: virtual void anchor();protected: ~base();};
                             int main() { return 0; }
Performing C SOURCE FILE Test C_WCOMMENT_ALLOWS_LINE_WRAP failed with the following output:
Change Dir: /home/workspace/pony_compiler/src/build/CMakeFiles/CMakeTmp

Run Build Command(s):/usr/bin/make cmTC_8ffe1/fast && /usr/bin/make -f CMakeFiles/cmTC_8ffe1.dir/build.make CMakeFiles/cmTC_8ffe1.dir/build
make[1]: Entering directory '/home/workspace/pony_compiler/src/build/CMakeFiles/CMakeTmp'
Building C object CMakeFiles/cmTC_8ffe1.dir/src.c.o
/usr/bin/cc   -fPIC -fno-semantic-interposition -Werror=date-time -Wall -Wextra -Wno-unused-parameter -Wwrite-strings -Wno-missing-field-initializers -Wimplicit-fallthrough -DC_WCOMMENT_ALLOWS_LINE_WRAP  -Werror -Wcomment   -o CMakeFiles/cmTC_8ffe1.dir/src.c.o   -c /home/workspace/pony_compiler/src/build/CMakeFiles/CMakeTmp/src.c
/home/workspace/pony_compiler/src/build/CMakeFiles/CMakeTmp/src.c:1:1: error: multi-line comment [-Werror=comment]
    1 | // \
      | ^
cc1: all warnings being treated as errors
make[1]: *** [CMakeFiles/cmTC_8ffe1.dir/build.make:66: CMakeFiles/cmTC_8ffe1.dir/src.c.o] Error 1
make[1]: Leaving directory '/home/workspace/pony_compiler/src/build/CMakeFiles/CMakeTmp'
make: *** [Makefile:121: cmTC_8ffe1/fast] Error 2


Source file was:
// \
//
int main() {return 0;}
Performing C SOURCE FILE Test C_SUPPORTS_STRING_CONVERSION_FLAG failed with the following output:
Change Dir: /home/workspace/pony_compiler/src/build/CMakeFiles/CMakeTmp

Run Build Command(s):/usr/bin/make cmTC_3d980/fast && /usr/bin/make -f CMakeFiles/cmTC_3d980.dir/build.make CMakeFiles/cmTC_3d980.dir/build
make[1]: Entering directory '/home/workspace/pony_compiler/src/build/CMakeFiles/CMakeTmp'
Building C object CMakeFiles/cmTC_3d980.dir/src.c.o
/usr/bin/cc   -fPIC -fno-semantic-interposition -Werror=date-time -Wall -Wextra -Wno-unused-parameter -Wwrite-strings -Wno-missing-field-initializers -Wimplicit-fallthrough -Wno-comment -DC_SUPPORTS_STRING_CONVERSION_FLAG   -Werror -Wstring-conversion -o CMakeFiles/cmTC_3d980.dir/src.c.o   -c /home/workspace/pony_compiler/src/build/CMakeFiles/CMakeTmp/src.c
cc: error: unrecognized command line option '-Wstring-conversion'; did you mean '-Wsign-conversion'?
make[1]: *** [CMakeFiles/cmTC_3d980.dir/build.make:66: CMakeFiles/cmTC_3d980.dir/src.c.o] Error 1
make[1]: Leaving directory '/home/workspace/pony_compiler/src/build/CMakeFiles/CMakeTmp'
make: *** [Makefile:121: cmTC_3d980/fast] Error 2


Source file was:
int main(void) { return 0; }
Performing C++ SOURCE FILE Test CXX_SUPPORTS_STRING_CONVERSION_FLAG failed with the following output:
Change Dir: /home/workspace/pony_compiler/src/build/CMakeFiles/CMakeTmp

Run Build Command(s):/usr/bin/make cmTC_62376/fast && /usr/bin/make -f CMakeFiles/cmTC_62376.dir/build.make CMakeFiles/cmTC_62376.dir/build
make[1]: Entering directory '/home/workspace/pony_compiler/src/build/CMakeFiles/CMakeTmp'
Building CXX object CMakeFiles/cmTC_62376.dir/src.cxx.o
/usr/bin/c++    -fPIC -fno-semantic-interposition -fvisibility-inlines-hidden -Werror=date-time -Wall -Wextra -Wno-unused-parameter -Wwrite-strings -Wcast-qual -Wno-missing-field-initializers -Wimplicit-fallthrough -Wno-class-memaccess -Wno-redundant-move -Wno-pessimizing-move -Wno-noexcept-type -Wdelete-non-virtual-dtor -Wsuggest-override -Wno-comment -DCXX_SUPPORTS_STRING_CONVERSION_FLAG   -Werror -Wstring-conversion -std=gnu++14 -o CMakeFiles/cmTC_62376.dir/src.cxx.o -c /home/workspace/pony_compiler/src/build/CMakeFiles/CMakeTmp/src.cxx
c++: error: unrecognized command line option '-Wstring-conversion'; did you mean '-Wsign-conversion'?
make[1]: *** [CMakeFiles/cmTC_62376.dir/build.make:66: CMakeFiles/cmTC_62376.dir/src.cxx.o] Error 1
make[1]: Leaving directory '/home/workspace/pony_compiler/src/build/CMakeFiles/CMakeTmp'
make: *** [Makefile:121: cmTC_62376/fast] Error 2


Source file was:
int main() { return 0; }
Determining if the os_signpost_interval_begin exist failed with the following output:
Change Dir: /home/workspace/pony_compiler/src/build/CMakeFiles/CMakeTmp

Run Build Command(s):/usr/bin/make cmTC_7d8da/fast && /usr/bin/make -f CMakeFiles/cmTC_7d8da.dir/build.make CMakeFiles/cmTC_7d8da.dir/build
make[1]: Entering directory '/home/workspace/pony_compiler/src/build/CMakeFiles/CMakeTmp'
Building C object CMakeFiles/cmTC_7d8da.dir/CheckSymbolExists.c.o
/usr/bin/cc   -fPIC -fno-semantic-interposition -Werror=date-time -Wall -Wextra -Wno-unused-parameter -Wwrite-strings -Wno-missing-field-initializers -Wimplicit-fallthrough -Wno-comment -Wmisleading-indentation -ffunction-sections -fdata-sections    -o CMakeFiles/cmTC_7d8da.dir/CheckSymbolExists.c.o   -c /home/workspace/pony_compiler/src/build/CMakeFiles/CMakeTmp/CheckSymbolExists.c
/home/workspace/pony_compiler/src/build/CMakeFiles/CMakeTmp/CheckSymbolExists.c:2:10: fatal error: os/signpost.h: No such file or directory
    2 | #include <os/signpost.h>
      |          ^~~~~~~~~~~~~~~
compilation terminated.
make[1]: *** [CMakeFiles/cmTC_7d8da.dir/build.make:66: CMakeFiles/cmTC_7d8da.dir/CheckSymbolExists.c.o] Error 1
make[1]: Leaving directory '/home/workspace/pony_compiler/src/build/CMakeFiles/CMakeTmp'
make: *** [Makefile:121: cmTC_7d8da/fast] Error 2


File /home/workspace/pony_compiler/src/build/CMakeFiles/CMakeTmp/CheckSymbolExists.c:
/* */
#include <os/signpost.h>

int main(int argc, char** argv)
{
  (void)argv;
#ifndef os_signpost_interval_begin
  return ((int*)(&os_signpost_interval_begin))[argc];
#else
  (void)argc;
  return 0;
#endif
}
